Archive member included because of file (symbol)

c:/winavr-20100110/bin/../lib/gcc/avr/4.3.3/avr5\libgcc.a(_exit.o)
                              c:/winavr-20100110/bin/../lib/gcc/avr/4.3.3/../../../../avr/lib/avr5/crtm16.o (exit)
c:/winavr-20100110/bin/../lib/gcc/avr/4.3.3/avr5\libgcc.a(_clear_bss.o)
                              C:\Users\Parav\AppData\Local\Temp/ccAYLSTk.o (__do_clear_bss)
c:/winavr-20100110/bin/../lib/gcc/avr/4.3.3/../../../../avr/lib/avr5\libc.a(strcmp.o)
                              C:\Users\Parav\AppData\Local\Temp/ccV4OxzX.o (strcmp)

Allocating common symbols
Common symbol       size              file

g_s_T1_Aconfig      0x9               C:\Users\Parav\AppData\Local\Temp/ccAYLSTk.o
g_s_T1_Bconfig      0x9               C:\Users\Parav\AppData\Local\Temp/ccAYLSTk.o

Memory Configuration

Name             Origin             Length             Attributes
text             0x00000000         0x00020000         xr
data             0x00800060         0x0000ffa0         rw !x
eeprom           0x00810000         0x00010000         rw !x
fuse             0x00820000         0x00000400         rw !x
lock             0x00830000         0x00000400         rw !x
signature        0x00840000         0x00000400         rw !x
*default*        0x00000000         0xffffffff

Linker script and memory map

LOAD c:/winavr-20100110/bin/../lib/gcc/avr/4.3.3/../../../../avr/lib/avr5/crtm16.o
LOAD C:\Users\Parav\AppData\Local\Temp/ccAYLSTk.o
LOAD C:\Users\Parav\AppData\Local\Temp/ccV4OxzX.o
LOAD C:\Users\Parav\AppData\Local\Temp/ccETglzB.o
LOAD C:\Users\Parav\AppData\Local\Temp/ccFvhU9h.o
LOAD C:\Users\Parav\AppData\Local\Temp/cculSwF2.o
LOAD C:\Users\Parav\AppData\Local\Temp/ccTPmKCP.o
LOAD C:\Users\Parav\AppData\Local\Temp/ccMbJP8E.o
LOAD c:/winavr-20100110/bin/../lib/gcc/avr/4.3.3/avr5\libgcc.a
LOAD c:/winavr-20100110/bin/../lib/gcc/avr/4.3.3/../../../../avr/lib/avr5\libc.a
LOAD c:/winavr-20100110/bin/../lib/gcc/avr/4.3.3/avr5\libgcc.a

.hash
 *(.hash)

.dynsym
 *(.dynsym)

.dynstr
 *(.dynstr)

.gnu.version
 *(.gnu.version)

.gnu.version_d
 *(.gnu.version_d)

.gnu.version_r
 *(.gnu.version_r)

.rel.init
 *(.rel.init)

.rela.init
 *(.rela.init)

.rel.text
 *(.rel.text)
 *(.rel.text.*)
 *(.rel.gnu.linkonce.t*)

.rela.text
 *(.rela.text)
 *(.rela.text.*)
 *(.rela.gnu.linkonce.t*)

.rel.fini
 *(.rel.fini)

.rela.fini
 *(.rela.fini)

.rel.rodata
 *(.rel.rodata)
 *(.rel.rodata.*)
 *(.rel.gnu.linkonce.r*)

.rela.rodata
 *(.rela.rodata)
 *(.rela.rodata.*)
 *(.rela.gnu.linkonce.r*)

.rel.data
 *(.rel.data)
 *(.rel.data.*)
 *(.rel.gnu.linkonce.d*)

.rela.data
 *(.rela.data)
 *(.rela.data.*)
 *(.rela.gnu.linkonce.d*)

.rel.ctors
 *(.rel.ctors)

.rela.ctors
 *(.rela.ctors)

.rel.dtors
 *(.rel.dtors)

.rela.dtors
 *(.rela.dtors)

.rel.got
 *(.rel.got)

.rela.got
 *(.rela.got)

.rel.bss
 *(.rel.bss)

.rela.bss
 *(.rela.bss)

.rel.plt
 *(.rel.plt)

.rela.plt
 *(.rela.plt)

.text           0x00000000      0xab0
 *(.vectors)
 .vectors       0x00000000       0x54 c:/winavr-20100110/bin/../lib/gcc/avr/4.3.3/../../../../avr/lib/avr5/crtm16.o
                0x00000000                __vectors
                0x00000000                __vector_default
 *(.vectors)
 *(.progmem.gcc*)
 *(.progmem*)
                0x00000054                . = ALIGN (0x2)
                0x00000054                __trampolines_start = .
 *(.trampolines)
 .trampolines   0x00000054        0x0 linker stubs
 *(.trampolines*)
                0x00000054                __trampolines_end = .
 *(.jumptables)
 *(.jumptables*)
 *(.lowtext)
 *(.lowtext*)
                0x00000054                __ctors_start = .
 *(.ctors)
                0x00000054                __ctors_end = .
                0x00000054                __dtors_start = .
 *(.dtors)
                0x00000054                __dtors_end = .
 SORT(*)(.ctors)
 SORT(*)(.dtors)
 *(.init0)
 .init0         0x00000054        0x0 c:/winavr-20100110/bin/../lib/gcc/avr/4.3.3/../../../../avr/lib/avr5/crtm16.o
                0x00000054                __init
 *(.init0)
 *(.init1)
 *(.init1)
 *(.init2)
 .init2         0x00000054        0xc c:/winavr-20100110/bin/../lib/gcc/avr/4.3.3/../../../../avr/lib/avr5/crtm16.o
 *(.init2)
 *(.init3)
 *(.init3)
 *(.init4)
 .init4         0x00000060       0x10 c:/winavr-20100110/bin/../lib/gcc/avr/4.3.3/avr5\libgcc.a(_clear_bss.o)
                0x00000060                __do_clear_bss
 *(.init4)
 *(.init5)
 *(.init5)
 *(.init6)
 *(.init6)
 *(.init7)
 *(.init7)
 *(.init8)
 *(.init8)
 *(.init9)
 .init9         0x00000070        0x8 c:/winavr-20100110/bin/../lib/gcc/avr/4.3.3/../../../../avr/lib/avr5/crtm16.o
 *(.init9)
 *(.text)
 .text          0x00000078        0x4 c:/winavr-20100110/bin/../lib/gcc/avr/4.3.3/../../../../avr/lib/avr5/crtm16.o
                0x00000078                __vector_1
                0x00000078                __vector_12
                0x00000078                __bad_interrupt
                0x00000078                __vector_3
                0x00000078                __vector_11
                0x00000078                __vector_13
                0x00000078                __vector_17
                0x00000078                __vector_19
                0x00000078                __vector_5
                0x00000078                __vector_4
                0x00000078                __vector_9
                0x00000078                __vector_2
                0x00000078                __vector_15
                0x00000078                __vector_14
                0x00000078                __vector_10
                0x00000078                __vector_16
                0x00000078                __vector_18
                0x00000078                __vector_20
 .text          0x0000007c      0x122 C:\Users\Parav\AppData\Local\Temp/ccAYLSTk.o
                0x000000e8                main
                0x0000007c                TIMER_config
 .text          0x0000019e      0x1da C:\Users\Parav\AppData\Local\Temp/ccV4OxzX.o
                0x0000019e                MODULES_init
                0x00000254                CONTROL_storePassword
                0x000001e2                CONTROL_setReceivePassword
                0x000002a6                CONTROL_checkMatch
                0x00000326                MOTOR_run
 .text          0x00000378      0x154 C:\Users\Parav\AppData\Local\Temp/ccETglzB.o
                0x0000040c                EEPROM_readByte
                0x0000038a                EEPROM_writeByte
                0x00000378                EEPROM_init
 .text          0x000004cc       0xfa C:\Users\Parav\AppData\Local\Temp/ccFvhU9h.o
                0x0000052e                TWI_write
                0x000004f8                TWI_start
                0x00000582                TWI_readWithNACK
                0x0000055c                TWI_readWithACK
                0x000004cc                TWI_init
                0x00000518                TWI_stop
                0x000005a8                TWI_getStatus
 .text          0x000005c6       0x76 C:\Users\Parav\AppData\Local\Temp/cculSwF2.o
                0x000005c6                MOTOR_init
 .text          0x0000063c      0x306 C:\Users\Parav\AppData\Local\Temp/ccTPmKCP.o
                0x000008aa                __vector_6
                0x0000063c                TIMER1_disable
                0x0000066c                TIMER1_deinit
                0x000008d4                __vector_7
                0x000006aa                TIMER1_init
                0x00000850                __vector_8
                0x0000082c                TIMER1_setCallBack
 .text          0x00000942      0x158 C:\Users\Parav\AppData\Local\Temp/ccMbJP8E.o
                0x00000976                UART_sendByte
                0x000009c2                UART_sendString
                0x00000a14                UART_receiveString
                0x000009a4                UART_recieveByte
                0x00000942                UART_init
 .text          0x00000a9a        0x0 c:/winavr-20100110/bin/../lib/gcc/avr/4.3.3/avr5\libgcc.a(_exit.o)
 .text          0x00000a9a        0x0 c:/winavr-20100110/bin/../lib/gcc/avr/4.3.3/avr5\libgcc.a(_clear_bss.o)
 .text          0x00000a9a        0x0 c:/winavr-20100110/bin/../lib/gcc/avr/4.3.3/../../../../avr/lib/avr5\libc.a(strcmp.o)
                0x00000a9a                . = ALIGN (0x2)
 *(.text.*)
 .text.libgcc   0x00000a9a        0x0 c:/winavr-20100110/bin/../lib/gcc/avr/4.3.3/avr5\libgcc.a(_exit.o)
 .text.libgcc   0x00000a9a        0x0 c:/winavr-20100110/bin/../lib/gcc/avr/4.3.3/avr5\libgcc.a(_clear_bss.o)
 .text.avr-libc
                0x00000a9a       0x12 c:/winavr-20100110/bin/../lib/gcc/avr/4.3.3/../../../../avr/lib/avr5\libc.a(strcmp.o)
                0x00000a9a                strcmp
                0x00000aac                . = ALIGN (0x2)
 *(.fini9)
 .fini9         0x00000aac        0x0 c:/winavr-20100110/bin/../lib/gcc/avr/4.3.3/avr5\libgcc.a(_exit.o)
                0x00000aac                exit
                0x00000aac                _exit
 *(.fini9)
 *(.fini8)
 *(.fini8)
 *(.fini7)
 *(.fini7)
 *(.fini6)
 *(.fini6)
 *(.fini5)
 *(.fini5)
 *(.fini4)
 *(.fini4)
 *(.fini3)
 *(.fini3)
 *(.fini2)
 *(.fini2)
 *(.fini1)
 *(.fini1)
 *(.fini0)
 .fini0         0x00000aac        0x4 c:/winavr-20100110/bin/../lib/gcc/avr/4.3.3/avr5\libgcc.a(_exit.o)
 *(.fini0)
                0x00000ab0                _etext = .

.data           0x00800060        0x0 load address 0x00000ab0
                0x00800060                PROVIDE (__data_start, .)
 *(.data)
 .data          0x00800060        0x0 c:/winavr-20100110/bin/../lib/gcc/avr/4.3.3/../../../../avr/lib/avr5/crtm16.o
 .data          0x00800060        0x0 C:\Users\Parav\AppData\Local\Temp/ccAYLSTk.o
 .data          0x00800060        0x0 C:\Users\Parav\AppData\Local\Temp/ccV4OxzX.o
 .data          0x00800060        0x0 C:\Users\Parav\AppData\Local\Temp/ccETglzB.o
 .data          0x00800060        0x0 C:\Users\Parav\AppData\Local\Temp/ccFvhU9h.o
 .data          0x00800060        0x0 C:\Users\Parav\AppData\Local\Temp/cculSwF2.o
 .data          0x00800060        0x0 C:\Users\Parav\AppData\Local\Temp/ccTPmKCP.o
 .data          0x00800060        0x0 C:\Users\Parav\AppData\Local\Temp/ccMbJP8E.o
 .data          0x00800060        0x0 c:/winavr-20100110/bin/../lib/gcc/avr/4.3.3/avr5\libgcc.a(_exit.o)
 .data          0x00800060        0x0 c:/winavr-20100110/bin/../lib/gcc/avr/4.3.3/avr5\libgcc.a(_clear_bss.o)
 .data          0x00800060        0x0 c:/winavr-20100110/bin/../lib/gcc/avr/4.3.3/../../../../avr/lib/avr5\libc.a(strcmp.o)
 *(.data*)
 *(.rodata)
 *(.rodata*)
 *(.gnu.linkonce.d*)
                0x00800060                . = ALIGN (0x2)
                0x00800060                _edata = .
                0x00800060                PROVIDE (__data_end, .)

.bss            0x00800060       0x18
                0x00800060                PROVIDE (__bss_start, .)
 *(.bss)
 .bss           0x00800060        0x0 c:/winavr-20100110/bin/../lib/gcc/avr/4.3.3/../../../../avr/lib/avr5/crtm16.o
 .bss           0x00800060        0x0 C:\Users\Parav\AppData\Local\Temp/ccAYLSTk.o
 .bss           0x00800060        0x3 C:\Users\Parav\AppData\Local\Temp/ccV4OxzX.o
                0x00800061                CCW_flag
                0x00800060                CW_flag
 .bss           0x00800063        0x0 C:\Users\Parav\AppData\Local\Temp/ccETglzB.o
 .bss           0x00800063        0x0 C:\Users\Parav\AppData\Local\Temp/ccFvhU9h.o
 .bss           0x00800063        0x0 C:\Users\Parav\AppData\Local\Temp/cculSwF2.o
 .bss           0x00800063        0x3 C:\Users\Parav\AppData\Local\Temp/ccTPmKCP.o
                0x00800063                tick
 .bss           0x00800066        0x0 C:\Users\Parav\AppData\Local\Temp/ccMbJP8E.o
 .bss           0x00800066        0x0 c:/winavr-20100110/bin/../lib/gcc/avr/4.3.3/avr5\libgcc.a(_exit.o)
 .bss           0x00800066        0x0 c:/winavr-20100110/bin/../lib/gcc/avr/4.3.3/avr5\libgcc.a(_clear_bss.o)
 .bss           0x00800066        0x0 c:/winavr-20100110/bin/../lib/gcc/avr/4.3.3/../../../../avr/lib/avr5\libc.a(strcmp.o)
 *(.bss*)
 *(COMMON)
 COMMON         0x00800066       0x12 C:\Users\Parav\AppData\Local\Temp/ccAYLSTk.o
                0x00800066                g_s_T1_Aconfig
                0x0080006f                g_s_T1_Bconfig
                0x00800078                PROVIDE (__bss_end, .)
                0x00000ab0                __data_load_start = LOADADDR (.data)
                0x00000ab0                __data_load_end = (__data_load_start + SIZEOF (.data))

.noinit         0x00800078        0x0
                0x00800078                PROVIDE (__noinit_start, .)
 *(.noinit*)
                0x00800078                PROVIDE (__noinit_end, .)
                0x00800078                _end = .
                0x00800078                PROVIDE (__heap_start, .)

.eeprom         0x00810000        0x0
 *(.eeprom*)
                0x00810000                __eeprom_end = .

.fuse
 *(.fuse)
 *(.lfuse)
 *(.hfuse)
 *(.efuse)

.lock
 *(.lock*)

.signature
 *(.signature*)

.stab
 *(.stab)

.stabstr
 *(.stabstr)

.stab.excl
 *(.stab.excl)

.stab.exclstr
 *(.stab.exclstr)

.stab.index
 *(.stab.index)

.stab.indexstr
 *(.stab.indexstr)

.comment
 *(.comment)

.debug
 *(.debug)

.line
 *(.line)

.debug_srcinfo
 *(.debug_srcinfo)

.debug_sfnames
 *(.debug_sfnames)

.debug_aranges
 *(.debug_aranges)

.debug_pubnames
 *(.debug_pubnames)

.debug_info
 *(.debug_info)
 *(.gnu.linkonce.wi.*)

.debug_abbrev
 *(.debug_abbrev)

.debug_line
 *(.debug_line)

.debug_frame
 *(.debug_frame)

.debug_str
 *(.debug_str)

.debug_loc
 *(.debug_loc)

.debug_macinfo
 *(.debug_macinfo)
OUTPUT(out/elf_out.elf elf32-avr)
LOAD linker stubs
